EN half_adder NULL /home/lab661/Documents/xzbori15/Digital-Electronic-1/Labs/04-adder/half_adder.vhd sub00/vhpl00 1582717059
EN full_adder NULL /home/lab661/Documents/xzbori15/Digital-Electronic-1/Labs/04-adder/full_adder.vhd sub00/vhpl02 1582717061
AR full_adder behavioral /home/lab661/Documents/xzbori15/Digital-Electronic-1/Labs/04-adder/full_adder.vhd sub00/vhpl03 1582717062
AR half_adder behavioral /home/lab661/Documents/xzbori15/Digital-Electronic-1/Labs/04-adder/half_adder.vhd sub00/vhpl01 1582717060
